▲ Next.js 16.2.4 (Turbopack)
- Environments: .env.local

⚠ The "middleware" file convention is deprecated. Please use "proxy" instead. Learn more: https://nextjs.org/docs/messages/middleware-to-proxy
  Creating an optimized production build ...
✓ Compiled successfully in 59s
  Running TypeScript ...
  Finished TypeScript in 59s ...
  Collecting page data using 3 workers ...
  Generating static pages using 3 workers (0/26) ...
  Generating static pages using 3 workers (6/26) 
  Generating static pages using 3 workers (12/26) 
  Generating static pages using 3 workers (19/26) 
✓ Generating static pages using 3 workers (26/26) in 4.7s
  Finalizing page optimization ...

Route (app)
┌ ○ /
├ ○ /_not-found
├ ○ /admin
├ ○ /admin/analytics
├ ○ /admin/certificates
├ ○ /admin/courses
├ ○ /admin/email-history
├ ○ /admin/login
├ ○ /admin/notifications
├ ○ /admin/payments
├ ○ /admin/settings
├ ○ /admin/students
├ ƒ /api/admin/email-logs
├ ƒ /api/admin/enroll
├ ƒ /api/admin/send-email
├ ƒ /api/admin/sql
├ ƒ /api/check-email
├ ƒ /api/registrations
├ ƒ /api/students-portal/login
├ ƒ /api/verify-email
├ ○ /students-portal/assignments
├ ○ /students-portal/courses
├ ○ /students-portal/dashboard
├ ○ /students-portal/login
└ ○ /students-portal/profile


ƒ Proxy (Middleware)

○  (Static)   prerendered as static content
ƒ  (Dynamic)  server-rendered on demand

